tileMapWidth=20
tileMapHeight=20
tileWidth=32
tileHeight=32
badTileColor=(255, 100, 200)
EnemyDic={"Skeleton": 0, "WizBoss": 1}
PickupDic={"pAmmo": 0, "sAmmo": 0, "mAmmo": 0, "miniGun": 0, "key": 0, "HP": 0}
tileMapLine=B1B1B1B1B1B1B1B1B1B1B1B1B1B1B1B1B1B1B1BT
tileMapLine=B1G1G1G1G1G1G1G1G1G1G1G1G1G1G1G1G1G1G1B2
tileMapLine=B1G1G1G1G1G1G1G1G1G1G1G1G1G1G1G1G1G1G1B2
tileMapLine=B1G1G1G1G1G1G1G1G1G1G1G1G1G1G1G1G1G1G1B2
tileMapLine=B1G1G1G1G1G1G1G1G1G1G1G1G1G1G1G1G1G1G1B2
tileMapLine=B1G1G1G1G1G1G1G1G1G1G1G1G1G1G1G1G1G1G1B2
tileMapLine=B1G1G1G1G1G1G1G1G1G1G1G1G1G1G1G1G1G1G1B2
tileMapLine=B1G1G1G1G1G1G1G1G1G1G1G1G1G1G1G1G1G1G1B2
tileMapLine=B1G1G1G1G1G1G1G1G1G1G1G1G1G1G1G1G1G1G1B2
tileMapLine=B1G1G1G1G1G1G1G1G1G1G1G1G1G1G1G1G1G1G1B2
tileMapLine=B1G1G1G1G1G1G1G1G1G1G1G1G1G1G1G1G1G1G1B2
tileMapLine=B1G1G1G1G1G1G1G1G1G1G1G1G1G1G1G1G1G1G1B2
tileMapLine=B1G1G1G1G1G1G1G1G1G1G1G1G1G1G1G1G1G1G1B2
tileMapLine=B1G1G1G1G1G1G1G1G1G1G1G1G1G1G1G1G1G1G1B2
tileMapLine=B1G1G1G1G1G1G1G1G1G1G1G1G1G1G1G1G1G1G1B2
tileMapLine=B1G1G1G1G1G1G1G1G1G1G1G1G1G1G1G1G1G1G1B2
tileMapLine=B1G1G1G1G1G1G1G1G1G1G1G1G1G1G1G1G1G1G1B2
tileMapLine=B1G1G1G1G1G1G1G1G1G1G1G1G1G1G1G1G1G1G1B2
tileMapLine=B1G1G1G1G1G1G1G1G1G1G1G1G1G1G1G1G1G1G1B2
tileMapLine=B4BBBBBBBBBBBBBBBBBBBBBBBBBBBBBBBBBBBBB3
textureFile=G1,Tiles\\grass64.jpg,False
textureFile=FL,Tiles\\LeftFence64.png,True
textureFile=FR,Tiles\\RightFence64.png,True
textureFile=FT,Tiles\\TopFence64.png,True
textureFile=FB,Tiles\\BottomFence64.png,True
textureFile=BR,Tiles\\BottomRightCornerFence64.png,True
textureFile=TR,Tiles\\TopRightCornerFence64.png,True
textureFile=BL,Tiles\\BottomLeftCornerFence64.png,True
textureFile=TL,Tiles\\TopLeftCornerFence64.png,True
textureFile=TS,Tiles\\Tombstone64.jpg,True
textureFile=B1,Tiles\\brick1.jpg,True
textureFile=BB,Tiles\\brickB.png,True
textureFile=B2,Tiles\\brickR.png,True
textureFile=BT,Tiles\\brickTC.png,True
textureFile=B3,Tiles\\brickRC.png,True
textureFile=B4,Tiles\\brickLC.png,True
textureFile=I1,Tiles\\ice1.jpg,True
textureFile=L1,Tiles\\ladder.jpg,True
textureFile=T1,Tiles\\TombStone1.jpg,True
textureFile=T2,Tiles\\TombStone2.jpg,True
textureFile=T3,Tiles\\TombStone3.jpg,True
textureFile=T4,Tiles\\TombStone4.jpg,True
textureFile=WW,Tiles\\water.jpg,True
