tileMapWidth=20
tileMapHeight=20
tileWidth=32
tileHeight=32
badTileColor=(255, 100, 200)
EnemyDic={"Skeleton": 5, "WizBoss": 0}
tileMapLine=TLFTFTFTFTFTFTFTFTFTFTFTFTFTFTFTFTFTFTTR
tileMapLine=FLG1G1G1G1G1G1G1G1G1G1G1G1G1G1G1G1G1G1FR
tileMapLine=FLG1G1G1G1G1G1G1G1G1G1G1G1G1G1G1G1G1G1FR
tileMapLine=FLG1G1G1G1G1G1G1G1G1G1G1G1G1G1G1G1G1G1FR
tileMapLine=FLG1G1G1G1G1G1G1G1G1G1G1G1G1G1G1G1G1G1FR
tileMapLine=FLG1G1G1G1G1G1G1G1G1G1G1G1G1G1G1G1G1G1FR
tileMapLine=FLG1G1G1G1G1G1G1G1G1G1G1G1G1G1G1G1G1G1FR
tileMapLine=FLG1G1G1G1G1G1G1G1G1G1G1G1G1G1G1G1G1G1FR
tileMapLine=FLG1G1G1G1G1G1G1G1G1G1G1G1G1G1G1G1G1G1FR
tileMapLine=FLG1G1G1G1G1G1G1G1G1G1G1G1G1G1G1G1G1G1FR
tileMapLine=FLG1G1G1G1G1G1G1G1G1G1G1G1G1G1G1G1G1G1FR
tileMapLine=FLG1G1G1G1G1G1G1G1G1G1G1G1G1G1G1G1G1G1FR
tileMapLine=FLG1G1G1G1G1G1G1G1G1G1G1G1G1G1G1G1G1G1FR
tileMapLine=FLG1G1G1G1G1G1G1G1G1G1G1G1G1G1TSTSG1G1FR
tileMapLine=FLG1G1G1G1G1G1G1G1G1G1G1G1G1G1G1G1G1G1FR
tileMapLine=FLG1G1G1G1G1G1G1G1G1G1G1G1G1G1G1G1G1G1FR
tileMapLine=FLG1G1G1G1G1G1G1G1G1G1G1G1G1G1G1G1G1G1FR
tileMapLine=FLG1G1G1G1G1G1G1G1G1G1G1G1G1G1G1G1G1G1FR
tileMapLine=FLG1G1G1G1G1G1G1G1G1G1G1G1G1G1G1G1G1G1FR
tileMapLine=BLFBFBFBFBFBFBFBG1G1G1G1FBFBFBFBFBFBFBBR
textureFile=G1,Tiles\\grass64.jpg,False
textureFile=FL,Tiles\\LeftFence64.png,True
textureFile=FR,Tiles\\RightFence64.png,True
textureFile=FT,Tiles\\TopFence64.png,True
textureFile=FB,Tiles\\BottomFence64.png,True
textureFile=BR,Tiles\\BottomRightCornerFence64.png,True
textureFile=TR,Tiles\\TopRightCornerFence64.png,True
textureFile=BL,Tiles\\BottomLeftCornerFence64.png,True
textureFile=TL,Tiles\\TopLeftCornerFence64.png,True
textureFile=TS,Tiles\\Tombstone64.jpg,True
textureFile=B1,Tiles\\brick1.jpg,True
textureFile=I1,Tiles\\ice1.jpg,True
textureFile=L1,Tiles\\ladder.jpg,True
